Reduced form: 4 + 4 * X - 9.3 * X^2 = 0
Polynomial degree: 2
Discriminant is strictly positive, the two solutions are:
0.905239
-0.475131
