Reduced form: 4 + 4.33333e+27 * X - 9.3 * X^2 = 0
Polynomial degree: 2
Discriminant is strictly positive, the two solutions are:
(Number cannot be represented)
(Number cannot be represented)
