Reduced form: X = 0
Polynomial degree: 1
The solution is:
0
