Reduced form: 4 + 433333 * X + 9.22222e+37 * X^2 = 0
Polynomial degree: 2
Discriminant is strictly negative, the two solutions are:
-2.3494e-33 + (Number cannot be represented)i
-2.3494e-33 + (Number cannot be represented)i
