Reduced form: 1 + 4 * X = 0
Polynomial degree: 1
The solution is:
-0.25
