Reduced form: 1.5 + 1.5 * X^2 = 0
Polynomial degree: 2
Discriminant is strictly negative, the two solutions are:
i
-i
