Reduced form: 0 = 0
Polynomial degree: 0
Any number is solution.
