Reduced form: -1 * X = 0
Polynomial degree: 0
The solution is:
0
