Reduced form: 1 + X = 0
Polynomial degree: 1
The solution is:
-1
