Reduced form: -X^2 = 0
Polynomial degree: 2
Discriminant is null, the solution is 0
