And error occured during parsing : The equation format is not valid
